>>> print_square = __import__('4-print_square').print_square

>>> print_square(None)
Traceback (most recent call last):
...
TypeError: size must be an integer

>>> print_square(6)
######
######
######
######
######
######

>>> print_square(-0.42)
Traceback (most recent call last):
...
TypeError: size must be an integer

>>> print_square("48")
Traceback (most recent call last):
...
TypeError: size must be an integer

>>> print_square()
